00:14:02 | ======================================
00:14:02 | Developer Streak Auto Refresh START
00:14:02 | ======================================
00:14:02 | Updating GitHub...
00:14:47 | GitHub update OK
00:14:47 | Updating LeetCode...
00:16:29 | LeetCode update failed - old data preserved
00:16:29 | Updating LinkedIn...
00:16:44 | LinkedIn update OK
00:16:44 | Progress = 1 / 3 (33%)
00:16:44 | Overall status = Partial Update
00:16:44 | Rainmeter refreshed
00:16:44 | ======================================
00:16:44 | AUTO REFRESH COMPLETED
00:16:44 | ======================================
00:21:49 | ======================================
00:21:49 | Developer Streak Auto Refresh START
00:21:49 | ======================================
00:21:49 | Updating GitHub...
00:22:35 | GitHub update OK
00:22:35 | Updating LeetCode...
00:24:16 | LeetCode update failed - old data preserved
00:24:16 | Updating LinkedIn...
00:24:33 | LinkedIn update OK
00:24:33 | Progress = 1 / 3 (33%)
00:24:33 | Overall status = Partial Update
00:24:34 | Rainmeter refreshed
00:24:34 | ======================================
00:24:34 | AUTO REFRESH COMPLETED
00:24:34 | ======================================
00:44:02 | ======================================
00:44:02 | Developer Streak Auto Refresh START
00:44:02 | ======================================
00:44:02 | Updating GitHub...
00:44:04 | GitHub update OK
00:44:04 | Updating LeetCode...
00:44:15 | LeetCode update failed - old data preserved
00:44:15 | Updating LinkedIn...
00:44:29 | LinkedIn update OK
00:44:29 | Progress = 1 / 3 (33%)
00:44:29 | Overall status = Partial Update
00:44:29 | Rainmeter refreshed
00:44:29 | ======================================
00:44:29 | AUTO REFRESH COMPLETED
00:44:29 | ======================================
00:51:49 | ======================================
00:51:49 | Developer Streak Auto Refresh START
00:51:49 | ======================================
00:51:49 | Updating GitHub...
00:52:37 | GitHub update OK
00:52:37 | Updating LeetCode...
00:52:56 | LeetCode update failed - old data preserved
00:52:56 | Updating LinkedIn...
00:53:10 | LinkedIn update OK
00:53:11 | Progress = 1 / 3 (33%)
00:53:11 | Overall status = Partial Update
00:53:11 | Rainmeter refreshed
00:53:11 | ======================================
00:53:11 | AUTO REFRESH COMPLETED
00:53:11 | ======================================
01:14:02 | ======================================
01:14:02 | Developer Streak Auto Refresh START
01:14:02 | ======================================
01:14:02 | Updating GitHub...
01:14:04 | GitHub update OK
01:14:04 | Updating LeetCode...
01:14:15 | LeetCode update failed - old data preserved
01:14:15 | Updating LinkedIn...
01:14:29 | LinkedIn update OK
01:14:29 | Progress = 1 / 3 (33%)
01:14:29 | Overall status = Partial Update
01:14:29 | Rainmeter refreshed
01:14:29 | ======================================
01:14:29 | AUTO REFRESH COMPLETED
01:14:29 | ======================================
01:21:49 | ======================================
01:21:49 | Developer Streak Auto Refresh START
01:21:49 | ======================================
01:21:49 | Updating GitHub...
01:21:51 | GitHub update OK
01:21:51 | Updating LeetCode...
01:22:02 | LeetCode update failed - old data preserved
01:22:02 | Updating LinkedIn...
01:22:19 | LinkedIn update OK
01:22:19 | Progress = 1 / 3 (33%)
01:22:19 | Overall status = Partial Update
01:22:20 | Rainmeter refreshed
01:22:20 | ======================================
01:22:20 | AUTO REFRESH COMPLETED
01:22:20 | ======================================
01:44:02 | ======================================
01:44:02 | Developer Streak Auto Refresh START
01:44:02 | ======================================
01:44:02 | Updating GitHub...
01:44:04 | GitHub update OK
01:44:04 | Updating LeetCode...
01:44:16 | LeetCode update failed - old data preserved
01:44:16 | Updating LinkedIn...
01:44:30 | LinkedIn update OK
01:44:30 | Progress = 1 / 3 (33%)
01:44:30 | Overall status = Partial Update
01:44:30 | Rainmeter refreshed
01:44:30 | ======================================
01:44:30 | AUTO REFRESH COMPLETED
01:44:30 | ======================================
01:51:49 | ======================================
01:51:49 | Developer Streak Auto Refresh START
01:51:49 | ======================================
01:51:49 | Updating GitHub...
01:51:51 | GitHub update OK
01:51:51 | Updating LeetCode...
01:52:03 | LeetCode update failed - old data preserved
01:52:03 | Updating LinkedIn...
01:52:17 | LinkedIn update OK
01:52:17 | Progress = 1 / 3 (33%)
01:52:17 | Overall status = Partial Update
01:52:17 | Rainmeter refreshed
01:52:17 | ======================================
01:52:17 | AUTO REFRESH COMPLETED
01:52:17 | ======================================
08:14:03 | ======================================
08:14:03 | Developer Streak Auto Refresh START
08:14:03 | ======================================
08:14:03 | Updating GitHub...
08:14:06 | GitHub update OK
08:14:06 | Updating LeetCode...
08:14:20 | LeetCode update failed - old data preserved
08:14:20 | Updating LinkedIn...
08:14:41 | LinkedIn update OK
08:14:41 | Progress = 1 / 3 (33%)
08:14:41 | Overall status = Partial Update
08:14:42 | Rainmeter refreshed
08:14:42 | ======================================
08:14:42 | AUTO REFRESH COMPLETED
08:14:42 | ======================================
08:21:50 | ======================================
08:21:50 | Developer Streak Auto Refresh START
08:21:50 | ======================================
08:21:50 | Updating GitHub...
08:21:53 | GitHub update OK
08:21:53 | Updating LeetCode...
08:22:06 | LeetCode update failed - old data preserved
08:22:06 | Updating LinkedIn...
08:22:23 | LinkedIn update OK
08:22:23 | Progress = 1 / 3 (33%)
08:22:23 | Overall status = Partial Update
08:22:23 | Rainmeter refreshed
08:22:23 | ======================================
08:22:23 | AUTO REFRESH COMPLETED
08:22:23 | ======================================
08:44:02 | ======================================
08:44:02 | Developer Streak Auto Refresh START
08:44:02 | ======================================
08:44:02 | Updating GitHub...
08:44:05 | GitHub update OK
08:44:05 | Updating LeetCode...
08:44:19 | LeetCode update failed - old data preserved
08:44:19 | Updating LinkedIn...
08:44:34 | LinkedIn update OK
08:44:34 | Progress = 1 / 3 (33%)
08:44:34 | Overall status = Partial Update
08:44:34 | Rainmeter refreshed
08:44:34 | ======================================
08:44:34 | AUTO REFRESH COMPLETED
08:44:34 | ======================================
08:51:49 | ======================================
08:51:49 | Developer Streak Auto Refresh START
08:51:49 | ======================================
08:51:49 | Updating GitHub...
08:51:52 | GitHub update OK
08:51:52 | Updating LeetCode...
08:52:07 | LeetCode update failed - old data preserved
08:52:07 | Updating LinkedIn...
08:52:24 | LinkedIn update OK
08:52:24 | Progress = 1 / 3 (33%)
08:52:24 | Overall status = Partial Update
08:52:25 | Rainmeter refreshed
08:52:25 | ======================================
08:52:25 | AUTO REFRESH COMPLETED
08:52:25 | ======================================
09:14:02 | ======================================
09:14:02 | Developer Streak Auto Refresh START
09:14:02 | ======================================
09:14:02 | Updating GitHub...
09:14:05 | GitHub update OK
09:14:05 | Updating LeetCode...
09:14:17 | LeetCode update failed - old data preserved
09:14:17 | Updating LinkedIn...
09:14:32 | LinkedIn update OK
09:14:33 | Progress = 1 / 3 (33%)
09:14:33 | Overall status = Partial Update
09:14:33 | Rainmeter refreshed
09:14:33 | ======================================
09:14:33 | AUTO REFRESH COMPLETED
09:14:33 | ======================================
09:21:50 | ======================================
09:21:50 | Developer Streak Auto Refresh START
09:21:50 | ======================================
09:21:50 | Updating GitHub...
09:21:53 | GitHub update OK
09:21:53 | Updating LeetCode...
09:22:06 | LeetCode update failed - old data preserved
09:22:06 | Updating LinkedIn...
09:22:34 | LinkedIn update OK
09:22:34 | Progress = 1 / 3 (33%)
09:22:34 | Overall status = Partial Update
09:22:34 | Rainmeter refreshed
09:22:34 | ======================================
09:22:34 | AUTO REFRESH COMPLETED
09:22:34 | ======================================
10:14:03 | ======================================
10:14:03 | Developer Streak Auto Refresh START
10:14:03 | ======================================
10:14:03 | Updating GitHub...
10:14:14 | GitHub update failed - old data preserved
10:14:14 | Updating LeetCode...
10:14:24 | LeetCode update failed - old data preserved
10:14:24 | Updating LinkedIn...
10:14:37 | LinkedIn update OK
10:14:37 | Progress = 1 / 3 (33%)
10:14:37 | Overall status = Partial Update
10:14:38 | Rainmeter refreshed
10:14:38 | ======================================
10:14:38 | AUTO REFRESH COMPLETED
10:14:38 | ======================================
10:44:02 | ======================================
10:44:02 | Developer Streak Auto Refresh START
10:44:02 | ======================================
10:44:02 | Updating GitHub...
10:44:13 | GitHub update failed - old data preserved
10:44:13 | Updating LeetCode...
10:44:24 | LeetCode update failed - old data preserved
10:44:24 | Updating LinkedIn...
10:44:35 | LinkedIn update OK
10:44:35 | Progress = 1 / 3 (33%)
10:44:35 | Overall status = Partial Update
10:44:36 | Rainmeter refreshed
10:44:36 | ======================================
10:44:36 | AUTO REFRESH COMPLETED
10:44:36 | ======================================
15:14:03 | ======================================
15:14:03 | Developer Streak Auto Refresh START
15:14:03 | ======================================
15:14:03 | Updating GitHub...
15:14:06 | GitHub update OK
15:14:06 | Updating LeetCode...
15:14:20 | LeetCode update failed - old data preserved
15:14:20 | Updating LinkedIn...
15:14:39 | LinkedIn update OK
15:14:39 | Progress = 1 / 3 (33%)
15:14:39 | Overall status = Partial Update
15:14:40 | Rainmeter refreshed
15:14:40 | ======================================
15:14:40 | AUTO REFRESH COMPLETED
15:14:40 | ======================================
15:44:02 | ======================================
15:44:02 | Developer Streak Auto Refresh START
15:44:02 | ======================================
15:44:02 | Updating GitHub...
15:44:47 | GitHub update OK
15:44:47 | Updating LeetCode...
15:46:28 | LeetCode update failed - old data preserved
15:46:28 | Updating LinkedIn...
15:46:42 | LinkedIn update OK
15:46:43 | Progress = 1 / 3 (33%)
15:46:43 | Overall status = Partial Update
15:46:43 | Rainmeter refreshed
15:46:43 | ======================================
15:46:43 | AUTO REFRESH COMPLETED
15:46:43 | ======================================
21:44:04 | ======================================
21:44:04 | Developer Streak Auto Refresh START
21:44:04 | ======================================
21:44:04 | Updating GitHub...
21:44:15 | GitHub update failed - old data preserved
21:44:15 | Updating LeetCode...
21:44:27 | LeetCode update failed - old data preserved
21:44:27 | Updating LinkedIn...
21:44:40 | LinkedIn update OK
21:44:40 | Progress = 1 / 3 (33%)
21:44:40 | Overall status = Partial Update
21:44:41 | Rainmeter refreshed
21:44:41 | ======================================
21:44:41 | AUTO REFRESH COMPLETED
21:44:41 | ======================================
