01:05:31 | ======================================
01:05:31 | Developer Streak Auto Refresh START
01:05:31 | ======================================
01:05:31 | Updating GitHub...
01:05:32 | GitHub update OK
01:05:32 | Updating LeetCode...
01:05:33 | LeetCode update OK
01:05:33 | Updating LinkedIn...
01:05:49 | LinkedIn update OK
01:05:49 | Progress = 1 / 3 (33%)
01:05:49 | Overall status = OK
01:05:49 | Rainmeter refreshed
01:05:49 | ======================================
01:05:49 | AUTO REFRESH COMPLETED
01:05:49 | ======================================
01:14:00 | ======================================
01:14:00 | Developer Streak Auto Refresh START
01:14:00 | ======================================
01:14:00 | Updating GitHub...
01:14:02 | GitHub update OK
01:14:02 | Updating LeetCode...
01:14:03 | LeetCode update OK
01:14:03 | Updating LinkedIn...
01:14:09 | LinkedIn update failed - old data preserved
01:14:09 | Progress = 1 / 3 (33%)
01:14:09 | Overall status = Partial Update
01:14:09 | Rainmeter refreshed
01:14:09 | ======================================
01:14:09 | AUTO REFRESH COMPLETED
01:14:09 | ======================================
18:44:01 | ======================================
18:44:01 | Developer Streak Auto Refresh START
18:44:01 | ======================================
18:44:01 | Updating GitHub...
18:44:02 | GitHub update OK
18:44:02 | Updating LeetCode...
18:44:13 | LeetCode update OK
18:44:13 | Updating LinkedIn...
18:44:28 | LinkedIn update OK
18:44:29 | Progress = 2 / 3 (67%)
18:44:29 | Overall status = OK
18:44:29 | Rainmeter refreshed
18:44:29 | ======================================
18:44:29 | AUTO REFRESH COMPLETED
18:44:29 | ======================================
20:44:01 | ======================================
20:44:01 | Developer Streak Auto Refresh START
20:44:01 | ======================================
20:44:01 | Updating GitHub...
20:44:03 | GitHub update OK
20:44:03 | Updating LeetCode...
20:44:28 | LeetCode update OK
20:44:28 | Updating LinkedIn...
20:44:43 | LinkedIn update OK
20:44:43 | Progress = 2 / 3 (67%)
20:44:43 | Overall status = OK
20:44:43 | Rainmeter refreshed
20:44:44 | ======================================
20:44:44 | AUTO REFRESH COMPLETED
20:44:44 | ======================================
21:14:01 | ======================================
21:14:01 | Developer Streak Auto Refresh START
21:14:01 | ======================================
21:14:01 | Updating GitHub...
21:14:03 | GitHub update OK
21:14:03 | Updating LeetCode...
21:44:01 | ======================================
21:44:01 | Developer Streak Auto Refresh START
21:44:01 | ======================================
21:44:01 | Updating GitHub...
21:44:03 | GitHub update OK
21:44:03 | Updating LeetCode...
21:45:39 | LeetCode update OK
21:45:39 | Updating LinkedIn...
21:45:55 | LinkedIn update OK
21:45:55 | Progress = 2 / 3 (67%)
21:45:55 | Overall status = OK
21:45:55 | Rainmeter refreshed
21:45:55 | ======================================
21:45:55 | AUTO REFRESH COMPLETED
21:45:55 | ======================================
22:25:50 | ======================================
22:25:50 | Developer Streak Auto Refresh START
22:25:50 | ======================================
22:25:50 | Updating GitHub...
22:25:52 | GitHub update OK
22:25:52 | Updating LeetCode...
22:26:29 | LeetCode update OK
22:26:29 | Updating LinkedIn...
22:26:44 | LinkedIn update OK
22:26:44 | Progress = 2 / 3 (67%)
22:26:44 | Overall status = OK
22:26:44 | Rainmeter refreshed
22:26:44 | ======================================
22:26:44 | AUTO REFRESH COMPLETED
22:26:44 | ======================================
22:44:00 | ======================================
22:44:00 | Developer Streak Auto Refresh START
22:44:00 | ======================================
22:44:00 | Updating GitHub...
22:44:02 | GitHub update OK
22:44:02 | Updating LeetCode...
22:45:05 | LeetCode update OK
22:45:05 | Updating LinkedIn...
22:45:17 | LinkedIn update OK
22:45:17 | Progress = 2 / 3 (67%)
22:45:17 | Overall status = OK
22:45:17 | Rainmeter refreshed
22:45:17 | ======================================
22:45:17 | AUTO REFRESH COMPLETED
22:45:17 | ======================================
23:14:01 | ======================================
23:14:01 | Developer Streak Auto Refresh START
23:14:01 | ======================================
23:14:01 | Updating GitHub...
23:14:02 | GitHub update OK
23:14:02 | Updating LeetCode...
23:14:07 | LeetCode update OK
23:14:07 | Updating LinkedIn...
23:14:15 | LinkedIn update failed - old data preserved
23:14:15 | Progress = 2 / 3 (67%)
23:14:15 | Overall status = Partial Update
23:14:16 | Rainmeter refreshed
23:14:16 | ======================================
23:14:16 | AUTO REFRESH COMPLETED
23:14:16 | ======================================
