07:44:11 | ======================================
07:44:11 | Developer Streak Auto Refresh START
07:44:11 | ======================================
07:44:11 | Updating GitHub...
07:44:16 | GitHub update OK
07:44:16 | Updating LeetCode...
07:44:19 | LeetCode update OK
07:44:19 | Updating LinkedIn...
07:44:39 | LinkedIn update OK
07:44:39 | Progress = 1 / 3 (33%)
07:44:39 | Overall status = OK
07:44:39 | Rainmeter refreshed
07:44:39 | ======================================
07:44:39 | AUTO REFRESH COMPLETED
07:44:39 | ======================================
07:49:56 | ======================================
07:49:56 | Developer Streak Auto Refresh START
07:49:56 | ======================================
07:49:56 | Updating GitHub...
07:49:57 | GitHub update OK
07:49:57 | Updating LeetCode...
07:49:59 | LeetCode update OK
07:49:59 | Updating LinkedIn...
07:50:13 | LinkedIn update OK
07:50:13 | Progress = 1 / 3 (33%)
07:50:13 | Overall status = OK
07:50:13 | Rainmeter refreshed
07:50:13 | ======================================
07:50:13 | AUTO REFRESH COMPLETED
07:50:13 | ======================================
08:14:01 | ======================================
08:14:01 | Developer Streak Auto Refresh START
08:14:01 | ======================================
08:14:01 | Updating GitHub...
08:14:02 | GitHub update OK
08:14:02 | Updating LeetCode...
08:14:03 | LeetCode update OK
08:14:03 | Updating LinkedIn...
08:14:17 | LinkedIn update OK
08:14:18 | Progress = 1 / 3 (33%)
08:14:18 | Overall status = OK
08:14:18 | Rainmeter refreshed
08:14:18 | ======================================
08:14:18 | AUTO REFRESH COMPLETED
08:14:18 | ======================================
08:19:56 | ======================================
08:19:56 | Developer Streak Auto Refresh START
08:19:56 | ======================================
08:19:56 | Updating GitHub...
08:19:57 | GitHub update OK
08:19:57 | Updating LeetCode...
08:19:58 | LeetCode update OK
08:19:58 | Updating LinkedIn...
08:20:02 | LinkedIn update failed - old data preserved
08:20:02 | Progress = 1 / 3 (33%)
08:20:02 | Overall status = Partial Update
08:20:03 | Rainmeter refreshed
08:20:03 | ======================================
08:20:03 | AUTO REFRESH COMPLETED
08:20:03 | ======================================
08:44:00 | ======================================
08:44:00 | Developer Streak Auto Refresh START
08:44:00 | ======================================
08:44:00 | Updating GitHub...
08:44:02 | GitHub update OK
08:44:02 | Updating LeetCode...
08:44:02 | LeetCode update OK
08:44:02 | Updating LinkedIn...
08:44:15 | LinkedIn update OK
08:44:15 | Progress = 1 / 3 (33%)
08:44:15 | Overall status = OK
08:44:15 | Rainmeter refreshed
08:44:15 | ======================================
08:44:15 | AUTO REFRESH COMPLETED
08:44:15 | ======================================
08:49:56 | ======================================
08:49:56 | Developer Streak Auto Refresh START
08:49:56 | ======================================
08:49:56 | Updating GitHub...
08:49:57 | GitHub update OK
08:49:57 | Updating LeetCode...
08:49:59 | LeetCode update OK
08:49:59 | Updating LinkedIn...
08:50:02 | LinkedIn update failed - old data preserved
08:50:02 | Progress = 1 / 3 (33%)
08:50:02 | Overall status = Partial Update
08:50:02 | Rainmeter refreshed
08:50:02 | ======================================
08:50:02 | AUTO REFRESH COMPLETED
08:50:02 | ======================================
09:14:00 | ======================================
09:14:00 | Developer Streak Auto Refresh START
09:14:00 | ======================================
09:14:00 | Updating GitHub...
09:14:02 | GitHub update OK
09:14:02 | Updating LeetCode...
09:14:02 | LeetCode update OK
09:14:02 | Updating LinkedIn...
09:14:15 | LinkedIn update OK
09:14:15 | Progress = 1 / 3 (33%)
09:14:15 | Overall status = OK
09:14:15 | Rainmeter refreshed
09:14:15 | ======================================
09:14:15 | AUTO REFRESH COMPLETED
09:14:15 | ======================================
09:19:56 | ======================================
09:19:56 | Developer Streak Auto Refresh START
09:19:56 | ======================================
09:19:56 | Updating GitHub...
09:19:57 | GitHub update OK
09:19:57 | Updating LeetCode...
09:19:58 | LeetCode update OK
09:19:58 | Updating LinkedIn...
09:20:11 | LinkedIn update OK
09:20:11 | Progress = 1 / 3 (33%)
09:20:11 | Overall status = OK
09:20:11 | Rainmeter refreshed
09:20:11 | ======================================
09:20:11 | AUTO REFRESH COMPLETED
09:20:11 | ======================================
09:44:01 | ======================================
09:44:01 | Developer Streak Auto Refresh START
09:44:01 | ======================================
09:44:01 | Updating GitHub...
09:44:02 | GitHub update OK
09:44:02 | Updating LeetCode...
09:49:56 | ======================================
09:49:56 | Developer Streak Auto Refresh START
09:49:56 | ======================================
09:49:56 | Updating GitHub...
09:49:57 | GitHub update OK
09:49:57 | Updating LeetCode...
09:49:58 | LeetCode update OK
09:49:58 | Updating LinkedIn...
09:50:03 | LinkedIn update failed - old data preserved
09:50:03 | Progress = 1 / 3 (33%)
09:50:03 | Overall status = Partial Update
09:50:03 | Rainmeter refreshed
09:50:03 | ======================================
09:50:03 | AUTO REFRESH COMPLETED
09:50:03 | ======================================
10:14:01 | ======================================
10:14:01 | Developer Streak Auto Refresh START
10:14:01 | ======================================
10:14:01 | Updating GitHub...
10:14:02 | GitHub update OK
10:14:02 | Updating LeetCode...
10:14:03 | LeetCode update OK
10:14:03 | Updating LinkedIn...
10:14:16 | LinkedIn update failed - old data preserved
10:14:16 | Progress = 1 / 3 (33%)
10:14:16 | Overall status = Partial Update
10:14:16 | Rainmeter refreshed
10:14:16 | ======================================
10:14:16 | AUTO REFRESH COMPLETED
10:14:16 | ======================================
10:19:56 | ======================================
10:19:56 | Developer Streak Auto Refresh START
10:19:56 | ======================================
10:19:56 | Updating GitHub...
10:19:57 | GitHub update OK
10:19:57 | Updating LeetCode...
10:19:58 | LeetCode update OK
10:19:58 | Updating LinkedIn...
10:20:12 | LinkedIn update OK
10:20:12 | Progress = 1 / 3 (33%)
10:20:12 | Overall status = OK
10:20:12 | Rainmeter refreshed
10:20:12 | ======================================
10:20:12 | AUTO REFRESH COMPLETED
10:20:12 | ======================================
10:44:00 | ======================================
10:44:00 | Developer Streak Auto Refresh START
10:44:00 | ======================================
10:44:00 | Updating GitHub...
10:44:02 | GitHub update OK
10:44:02 | Updating LeetCode...
10:44:03 | LeetCode update OK
10:44:03 | Updating LinkedIn...
10:44:17 | LinkedIn update OK
10:44:17 | Progress = 1 / 3 (33%)
10:44:17 | Overall status = OK
10:44:17 | Rainmeter refreshed
10:44:17 | ======================================
10:44:17 | AUTO REFRESH COMPLETED
10:44:17 | ======================================
11:14:02 | ======================================
11:14:02 | Developer Streak Auto Refresh START
11:14:02 | ======================================
11:14:02 | Updating GitHub...
18:14:01 | ======================================
18:14:01 | Developer Streak Auto Refresh START
18:14:01 | ======================================
18:14:01 | Updating GitHub...
18:14:03 | GitHub update OK
18:14:03 | Updating LeetCode...
18:14:04 | LeetCode update OK
18:14:04 | Updating LinkedIn...
18:14:23 | LinkedIn update OK
18:14:23 | Progress = 1 / 3 (33%)
18:14:23 | Overall status = OK
18:14:23 | Rainmeter refreshed
18:14:23 | ======================================
18:14:23 | AUTO REFRESH COMPLETED
18:14:23 | ======================================
18:19:56 | ======================================
18:19:56 | Developer Streak Auto Refresh START
18:19:56 | ======================================
18:19:56 | Updating GitHub...
18:19:58 | GitHub update OK
18:19:58 | Updating LeetCode...
18:19:59 | LeetCode update OK
18:19:59 | Updating LinkedIn...
18:20:11 | LinkedIn update failed - old data preserved
18:20:12 | Progress = 1 / 3 (33%)
18:20:12 | Overall status = Partial Update
18:20:12 | Rainmeter refreshed
18:20:12 | ======================================
18:20:12 | AUTO REFRESH COMPLETED
18:20:12 | ======================================
18:44:01 | ======================================
18:44:01 | Developer Streak Auto Refresh START
18:44:01 | ======================================
18:44:01 | Updating GitHub...
18:44:23 | GitHub update OK
18:44:23 | Updating LeetCode...
18:44:42 | LeetCode update failed - old data preserved
18:44:42 | Updating LinkedIn...
18:44:47 | LinkedIn update failed - old data preserved
18:44:47 | Progress = 1 / 3 (33%)
18:44:47 | Overall status = Partial Update
18:44:47 | Rainmeter refreshed
18:44:47 | ======================================
18:44:47 | AUTO REFRESH COMPLETED
18:44:47 | ======================================
18:49:56 | ======================================
18:49:56 | Developer Streak Auto Refresh START
18:49:56 | ======================================
18:49:56 | Updating GitHub...
18:50:19 | GitHub update OK
18:50:19 | Updating LeetCode...
18:52:00 | LeetCode update failed - old data preserved
18:52:00 | Updating LinkedIn...
18:52:14 | LinkedIn update OK
18:52:14 | Progress = 1 / 3 (33%)
18:52:14 | Overall status = Partial Update
18:52:14 | Rainmeter refreshed
18:52:14 | ======================================
18:52:14 | AUTO REFRESH COMPLETED
18:52:14 | ======================================
19:14:01 | ======================================
19:14:01 | Developer Streak Auto Refresh START
19:14:01 | ======================================
19:14:01 | Updating GitHub...
19:14:24 | GitHub update OK
19:14:24 | Updating LeetCode...
19:16:04 | LeetCode update failed - old data preserved
19:16:04 | Updating LinkedIn...
19:16:19 | LinkedIn update OK
19:16:19 | Progress = 1 / 3 (33%)
19:16:19 | Overall status = Partial Update
19:16:19 | Rainmeter refreshed
19:16:19 | ======================================
19:16:19 | AUTO REFRESH COMPLETED
19:16:19 | ======================================
19:19:56 | ======================================
19:19:56 | Developer Streak Auto Refresh START
19:19:56 | ======================================
19:19:56 | Updating GitHub...
19:20:19 | GitHub update OK
19:20:19 | Updating LeetCode...
19:22:00 | LeetCode update failed - old data preserved
19:22:00 | Updating LinkedIn...
19:22:48 | LinkedIn update OK
19:22:48 | Progress = 1 / 3 (33%)
19:22:48 | Overall status = Partial Update
19:22:49 | Rainmeter refreshed
19:22:49 | ======================================
19:22:49 | AUTO REFRESH COMPLETED
19:22:49 | ======================================
20:44:28 | ======================================
20:44:28 | Developer Streak Auto Refresh START
20:44:28 | ======================================
20:44:28 | Updating GitHub...
20:44:30 | GitHub update OK
20:44:30 | Updating LeetCode...
20:44:32 | LeetCode update OK
20:44:32 | Updating LinkedIn...
20:44:52 | LinkedIn update OK
20:44:53 | Progress = 1 / 3 (33%)
20:44:53 | Overall status = OK
20:44:53 | Rainmeter refreshed
20:44:53 | ======================================
20:44:53 | AUTO REFRESH COMPLETED
20:44:53 | ======================================
20:49:56 | ======================================
20:49:56 | Developer Streak Auto Refresh START
20:49:56 | ======================================
20:49:56 | Updating GitHub...
20:49:57 | GitHub update OK
20:49:57 | Updating LeetCode...
20:49:58 | LeetCode update OK
20:49:58 | Updating LinkedIn...
20:50:12 | LinkedIn update OK
20:50:12 | Progress = 1 / 3 (33%)
20:50:12 | Overall status = OK
20:50:12 | Rainmeter refreshed
20:50:12 | ======================================
20:50:12 | AUTO REFRESH COMPLETED
20:50:12 | ======================================
21:14:01 | ======================================
21:14:01 | Developer Streak Auto Refresh START
21:14:01 | ======================================
21:14:01 | Updating GitHub...
21:14:25 | GitHub update OK
21:14:25 | Updating LeetCode...
21:16:06 | LeetCode update failed - old data preserved
21:16:06 | Updating LinkedIn...
21:16:22 | LinkedIn update OK
21:16:22 | Progress = 1 / 3 (33%)
21:16:22 | Overall status = Partial Update
21:16:22 | Rainmeter refreshed
21:16:22 | ======================================
21:16:22 | AUTO REFRESH COMPLETED
21:16:22 | ======================================
21:19:56 | ======================================
21:19:56 | Developer Streak Auto Refresh START
21:19:56 | ======================================
21:19:56 | Updating GitHub...
21:20:23 | GitHub update OK
21:20:23 | Updating LeetCode...
21:22:03 | LeetCode update failed - old data preserved
21:22:03 | Updating LinkedIn...
21:22:20 | LinkedIn update OK
21:22:20 | Progress = 1 / 3 (33%)
21:22:20 | Overall status = Partial Update
21:22:20 | Rainmeter refreshed
21:22:20 | ======================================
21:22:20 | AUTO REFRESH COMPLETED
21:22:20 | ======================================
21:44:01 | ======================================
21:44:01 | Developer Streak Auto Refresh START
21:44:01 | ======================================
21:44:01 | Updating GitHub...
21:44:25 | GitHub update OK
21:44:25 | Updating LeetCode...
21:46:06 | LeetCode update failed - old data preserved
21:46:06 | Updating LinkedIn...
21:46:23 | LinkedIn update OK
21:46:23 | Progress = 1 / 3 (33%)
21:46:23 | Overall status = Partial Update
21:46:23 | Rainmeter refreshed
21:46:23 | ======================================
21:46:23 | AUTO REFRESH COMPLETED
21:46:23 | ======================================
21:49:56 | ======================================
21:49:56 | Developer Streak Auto Refresh START
21:49:56 | ======================================
21:49:56 | Updating GitHub...
21:50:39 | GitHub update OK
21:50:39 | Updating LeetCode...
21:52:20 | LeetCode update failed - old data preserved
21:52:20 | Updating LinkedIn...
21:52:43 | LinkedIn update OK
21:52:43 | Progress = 1 / 3 (33%)
21:52:43 | Overall status = Partial Update
21:52:43 | Rainmeter refreshed
21:52:43 | ======================================
21:52:43 | AUTO REFRESH COMPLETED
21:52:43 | ======================================
22:14:01 | ======================================
22:14:01 | Developer Streak Auto Refresh START
22:14:01 | ======================================
22:14:01 | Updating GitHub...
22:14:25 | GitHub update OK
22:14:25 | Updating LeetCode...
22:16:06 | LeetCode update failed - old data preserved
22:16:06 | Updating LinkedIn...
22:16:22 | LinkedIn update OK
22:16:22 | Progress = 1 / 3 (33%)
22:16:22 | Overall status = Partial Update
22:16:22 | Rainmeter refreshed
22:16:22 | ======================================
22:16:22 | AUTO REFRESH COMPLETED
22:16:22 | ======================================
22:19:56 | ======================================
22:19:56 | Developer Streak Auto Refresh START
22:19:56 | ======================================
22:19:56 | Updating GitHub...
22:20:27 | GitHub update OK
22:20:27 | Updating LeetCode...
22:22:08 | LeetCode update failed - old data preserved
22:22:08 | Updating LinkedIn...
22:22:25 | LinkedIn update OK
22:22:25 | Progress = 1 / 3 (33%)
22:22:25 | Overall status = Partial Update
22:22:25 | Rainmeter refreshed
22:22:25 | ======================================
22:22:25 | AUTO REFRESH COMPLETED
22:22:25 | ======================================
22:44:01 | ======================================
22:44:01 | Developer Streak Auto Refresh START
22:44:01 | ======================================
22:44:01 | Updating GitHub...
22:49:56 | ======================================
22:49:56 | Developer Streak Auto Refresh START
22:49:56 | ======================================
22:49:56 | Updating GitHub...
22:50:20 | GitHub update OK
22:50:20 | Updating LeetCode...
22:52:01 | LeetCode update failed - old data preserved
22:52:01 | Updating LinkedIn...
22:52:19 | LinkedIn update OK
22:52:19 | Progress = 1 / 3 (33%)
22:52:19 | Overall status = Partial Update
22:52:19 | Rainmeter refreshed
22:52:19 | ======================================
22:52:19 | AUTO REFRESH COMPLETED
22:52:19 | ======================================
23:14:01 | ======================================
23:14:01 | Developer Streak Auto Refresh START
23:14:01 | ======================================
23:14:01 | Updating GitHub...
23:19:56 | ======================================
23:19:56 | Developer Streak Auto Refresh START
23:19:56 | ======================================
23:19:56 | Updating GitHub...
23:20:19 | GitHub update OK
23:20:19 | Updating LeetCode...
23:22:00 | LeetCode update failed - old data preserved
23:22:00 | Updating LinkedIn...
23:22:14 | LinkedIn update OK
23:22:14 | Progress = 1 / 3 (33%)
23:22:14 | Overall status = Partial Update
23:22:14 | Rainmeter refreshed
23:22:14 | ======================================
23:22:14 | AUTO REFRESH COMPLETED
23:22:14 | ======================================
