07:20:00 | ======================================
07:20:00 | Developer Streak Auto Refresh START
07:20:00 | ======================================
07:20:00 | Updating GitHub...
07:20:11 | GitHub update OK
07:20:11 | Updating LeetCode...
07:20:13 | LeetCode update OK
07:20:13 | Updating LinkedIn...
07:20:33 | LinkedIn update OK
07:20:33 | Progress = 1 / 3 (33%)
07:20:33 | Overall status = OK
07:20:33 | Rainmeter refreshed
07:20:33 | ======================================
07:20:33 | AUTO REFRESH COMPLETED
07:20:33 | ======================================
07:24:45 | ======================================
07:24:45 | Developer Streak Auto Refresh START
07:24:45 | ======================================
07:24:45 | Updating GitHub...
07:24:47 | GitHub update OK
07:24:47 | Updating LeetCode...
07:24:49 | LeetCode update OK
07:24:49 | Updating LinkedIn...
07:25:08 | LinkedIn update OK
07:25:08 | Progress = 1 / 3 (33%)
07:25:08 | Overall status = OK
07:25:08 | Rainmeter refreshed
07:25:08 | ======================================
07:25:08 | AUTO REFRESH COMPLETED
07:25:08 | ======================================
07:44:00 | ======================================
07:44:00 | Developer Streak Auto Refresh START
07:44:00 | ======================================
07:44:00 | Updating GitHub...
07:44:02 | GitHub update OK
07:44:02 | Updating LeetCode...
07:44:03 | LeetCode update OK
07:44:03 | Updating LinkedIn...
07:44:18 | LinkedIn update OK
07:44:18 | Progress = 1 / 3 (33%)
07:44:18 | Overall status = OK
07:44:18 | Rainmeter refreshed
07:44:18 | ======================================
07:44:18 | AUTO REFRESH COMPLETED
07:44:18 | ======================================
07:49:56 | ======================================
07:49:56 | Developer Streak Auto Refresh START
07:49:56 | ======================================
07:49:56 | Updating GitHub...
07:49:57 | GitHub update OK
07:49:57 | Updating LeetCode...
07:49:58 | LeetCode update OK
07:49:58 | Updating LinkedIn...
07:50:12 | LinkedIn update OK
07:50:12 | Progress = 1 / 3 (33%)
07:50:12 | Overall status = OK
07:50:12 | Rainmeter refreshed
07:50:12 | ======================================
07:50:12 | AUTO REFRESH COMPLETED
07:50:12 | ======================================
07:54:45 | ======================================
07:54:45 | Developer Streak Auto Refresh START
07:54:45 | ======================================
07:54:45 | Updating GitHub...
07:54:46 | GitHub update OK
07:54:46 | Updating LeetCode...
07:54:47 | LeetCode update OK
07:54:47 | Updating LinkedIn...
07:55:01 | LinkedIn update OK
07:55:01 | Progress = 1 / 3 (33%)
07:55:01 | Overall status = OK
07:55:01 | Rainmeter refreshed
07:55:01 | ======================================
07:55:01 | AUTO REFRESH COMPLETED
07:55:01 | ======================================
08:24:11 | ======================================
08:24:11 | Developer Streak Auto Refresh START
08:24:11 | ======================================
08:24:12 | Updating GitHub...
08:24:15 | GitHub update OK
08:24:18 | Updating LeetCode...
08:24:22 | LeetCode update OK
08:24:22 | Updating LinkedIn...
08:24:42 | LinkedIn update OK
08:24:42 | Progress = 1 / 3 (33%)
08:24:42 | Overall status = OK
08:24:42 | Rainmeter refreshed
08:24:42 | ======================================
08:24:42 | AUTO REFRESH COMPLETED
08:24:42 | ======================================
08:24:45 | ======================================
08:24:45 | Developer Streak Auto Refresh START
08:24:45 | ======================================
08:24:45 | Updating GitHub...
08:24:46 | GitHub update OK
08:24:46 | Updating LeetCode...
08:24:48 | LeetCode update OK
08:24:48 | Updating LinkedIn...
08:25:02 | LinkedIn update OK
08:25:02 | Progress = 1 / 3 (33%)
08:25:02 | Overall status = OK
08:25:02 | Rainmeter refreshed
08:25:02 | ======================================
08:25:02 | AUTO REFRESH COMPLETED
08:25:02 | ======================================
08:44:01 | ======================================
08:44:01 | Developer Streak Auto Refresh START
08:44:01 | ======================================
08:44:01 | Updating GitHub...
08:44:02 | GitHub update OK
08:44:02 | Updating LeetCode...
08:44:03 | LeetCode update OK
08:44:03 | Updating LinkedIn...
08:44:17 | LinkedIn update OK
08:44:17 | Progress = 1 / 3 (33%)
08:44:17 | Overall status = OK
08:44:17 | Rainmeter refreshed
08:44:17 | ======================================
08:44:17 | AUTO REFRESH COMPLETED
08:44:17 | ======================================
08:49:56 | ======================================
08:49:56 | Developer Streak Auto Refresh START
08:49:56 | ======================================
08:49:56 | Updating GitHub...
08:49:57 | GitHub update OK
08:49:57 | Updating LeetCode...
08:49:59 | LeetCode update OK
08:49:59 | Updating LinkedIn...
08:50:12 | LinkedIn update OK
08:50:12 | Progress = 1 / 3 (33%)
08:50:12 | Overall status = OK
08:50:12 | Rainmeter refreshed
08:50:12 | ======================================
08:50:12 | AUTO REFRESH COMPLETED
08:50:12 | ======================================
08:54:45 | ======================================
08:54:45 | Developer Streak Auto Refresh START
08:54:45 | ======================================
08:54:45 | Updating GitHub...
08:54:46 | GitHub update OK
08:54:46 | Updating LeetCode...
08:54:47 | LeetCode update OK
08:54:48 | Updating LinkedIn...
08:55:01 | LinkedIn update OK
08:55:01 | Progress = 1 / 3 (33%)
08:55:01 | Overall status = OK
08:55:01 | Rainmeter refreshed
08:55:01 | ======================================
08:55:01 | AUTO REFRESH COMPLETED
08:55:01 | ======================================
09:44:01 | ======================================
09:44:01 | Developer Streak Auto Refresh START
09:44:01 | ======================================
09:44:01 | Updating GitHub...
09:44:02 | GitHub update OK
09:44:02 | Updating LeetCode...
09:44:03 | LeetCode update OK
09:44:03 | Updating LinkedIn...
09:44:22 | LinkedIn update OK
09:44:22 | Progress = 1 / 3 (33%)
09:44:22 | Overall status = OK
09:44:22 | Rainmeter refreshed
09:44:22 | ======================================
09:44:22 | AUTO REFRESH COMPLETED
09:44:22 | ======================================
10:14:01 | ======================================
10:14:01 | Developer Streak Auto Refresh START
10:14:01 | ======================================
10:14:01 | Updating GitHub...
10:14:02 | GitHub update OK
10:14:02 | Updating LeetCode...
10:14:03 | LeetCode update OK
10:14:03 | Updating LinkedIn...
10:14:16 | LinkedIn update OK
10:14:16 | Progress = 1 / 3 (33%)
10:14:16 | Overall status = OK
10:14:16 | Rainmeter refreshed
10:14:16 | ======================================
10:14:16 | AUTO REFRESH COMPLETED
10:14:17 | ======================================
10:44:01 | ======================================
10:44:01 | Developer Streak Auto Refresh START
10:44:01 | ======================================
10:44:01 | Updating GitHub...
10:44:04 | GitHub update OK
10:44:04 | Updating LeetCode...
10:44:05 | LeetCode update OK
10:44:05 | Updating LinkedIn...
10:44:31 | LinkedIn update OK
10:44:31 | Progress = 1 / 3 (33%)
10:44:31 | Overall status = OK
10:44:31 | Rainmeter refreshed
10:44:31 | ======================================
10:44:31 | AUTO REFRESH COMPLETED
10:44:31 | ======================================
21:44:01 | ======================================
21:44:01 | Developer Streak Auto Refresh START
21:44:01 | ======================================
21:44:01 | Updating GitHub...
21:44:03 | GitHub update OK
21:44:03 | Updating LeetCode...
21:44:04 | LeetCode update OK
21:44:04 | Updating LinkedIn...
21:44:24 | LinkedIn update OK
21:44:24 | Progress = 1 / 3 (33%)
21:44:24 | Overall status = OK
21:44:24 | Rainmeter refreshed
21:44:24 | ======================================
21:44:24 | AUTO REFRESH COMPLETED
21:44:24 | ======================================
22:14:01 | ======================================
22:14:01 | Developer Streak Auto Refresh START
22:14:01 | ======================================
22:14:01 | Updating GitHub...
22:14:04 | GitHub update OK
22:14:04 | Updating LeetCode...
22:14:06 | LeetCode update OK
22:14:06 | Updating LinkedIn...
22:14:36 | LinkedIn update OK
22:14:37 | Progress = 1 / 3 (33%)
22:14:37 | Overall status = OK
22:14:38 | Rainmeter refreshed
22:14:39 | ======================================
22:14:39 | AUTO REFRESH COMPLETED
22:14:39 | ======================================
22:44:04 | ======================================
22:44:04 | Developer Streak Auto Refresh START
22:44:04 | ======================================
22:44:04 | Updating GitHub...
22:44:10 | GitHub update OK
22:44:10 | Updating LeetCode...
22:44:14 | LeetCode update OK
22:44:14 | Updating LinkedIn...
22:44:45 | LinkedIn update OK
22:44:45 | Progress = 1 / 3 (33%)
22:44:45 | Overall status = OK
22:44:45 | Rainmeter refreshed
22:44:45 | ======================================
22:44:45 | AUTO REFRESH COMPLETED
22:44:45 | ======================================
23:14:01 | ======================================
23:14:01 | Developer Streak Auto Refresh START
23:14:01 | ======================================
23:14:01 | Updating GitHub...
23:14:02 | GitHub update OK
23:14:02 | Updating LeetCode...
23:14:03 | LeetCode update OK
23:14:03 | Updating LinkedIn...
23:14:18 | LinkedIn update OK
23:14:18 | Progress = 1 / 3 (33%)
23:14:18 | Overall status = OK
23:14:19 | Rainmeter refreshed
23:14:19 | ======================================
23:14:19 | AUTO REFRESH COMPLETED
23:14:19 | ======================================
23:44:00 | ======================================
23:44:00 | Developer Streak Auto Refresh START
23:44:00 | ======================================
23:44:00 | Updating GitHub...
00:05:00 | GitHub update OK
00:05:00 | Updating LeetCode...
00:05:01 | LeetCode update OK
00:05:01 | Updating LinkedIn...
00:05:16 | LinkedIn update OK
00:05:16 | Progress = 1 / 3 (33%)
00:05:16 | Overall status = OK
00:05:16 | Rainmeter refreshed
00:05:16 | ======================================
00:05:16 | AUTO REFRESH COMPLETED
00:05:16 | ======================================
