08:21:48 | ======================================
08:21:48 | Developer Streak Auto Refresh START
08:21:48 | ======================================
08:21:48 | Updating GitHub...
08:21:50 | GitHub update OK
08:21:50 | Updating LeetCode...
08:21:51 | LeetCode update OK
08:21:51 | Updating LinkedIn...
08:22:08 | LinkedIn update OK
08:22:08 | Progress = 1 / 3 (33%)
08:22:08 | Overall status = OK
08:22:08 | Rainmeter refreshed
08:22:08 | ======================================
08:22:08 | AUTO REFRESH COMPLETED
08:22:08 | ======================================
08:44:01 | ======================================
08:44:01 | Developer Streak Auto Refresh START
08:44:01 | ======================================
08:44:01 | Updating GitHub...
08:44:03 | GitHub update OK
08:44:03 | Updating LeetCode...
08:44:04 | LeetCode update OK
08:44:04 | Updating LinkedIn...
08:44:20 | LinkedIn update OK
08:44:20 | Progress = 1 / 3 (33%)
08:44:20 | Overall status = OK
08:44:20 | Rainmeter refreshed
08:44:20 | ======================================
08:44:20 | AUTO REFRESH COMPLETED
08:44:20 | ======================================
08:51:48 | ======================================
08:51:48 | Developer Streak Auto Refresh START
08:51:48 | ======================================
08:51:48 | Updating GitHub...
08:51:50 | GitHub update OK
08:51:50 | Updating LeetCode...
08:51:52 | LeetCode update OK
08:51:52 | Updating LinkedIn...
08:52:08 | LinkedIn update OK
08:52:08 | Progress = 1 / 3 (33%)
08:52:08 | Overall status = OK
08:52:08 | Rainmeter refreshed
08:52:08 | ======================================
08:52:08 | AUTO REFRESH COMPLETED
08:52:08 | ======================================
09:14:02 | ======================================
09:14:02 | Developer Streak Auto Refresh START
09:14:02 | ======================================
09:14:02 | Updating GitHub...
09:14:05 | GitHub update OK
09:14:05 | Updating LeetCode...
09:14:07 | LeetCode update OK
09:14:07 | Updating LinkedIn...
09:14:25 | LinkedIn update OK
09:14:25 | Progress = 1 / 3 (33%)
09:14:25 | Overall status = OK
09:14:25 | Rainmeter refreshed
09:14:25 | ======================================
09:14:25 | AUTO REFRESH COMPLETED
09:14:25 | ======================================
09:21:49 | ======================================
09:21:49 | Developer Streak Auto Refresh START
09:21:49 | ======================================
09:21:49 | Updating GitHub...
09:21:51 | GitHub update OK
09:21:51 | Updating LeetCode...
09:21:53 | LeetCode update OK
09:21:53 | Updating LinkedIn...
09:22:09 | LinkedIn update OK
09:22:10 | Progress = 1 / 3 (33%)
09:22:10 | Overall status = OK
09:22:10 | Rainmeter refreshed
09:22:10 | ======================================
09:22:10 | AUTO REFRESH COMPLETED
09:22:10 | ======================================
09:44:01 | ======================================
09:44:01 | Developer Streak Auto Refresh START
09:44:01 | ======================================
09:44:01 | Updating GitHub...
09:44:02 | GitHub update OK
09:44:02 | Updating LeetCode...
09:44:03 | LeetCode update OK
09:44:03 | Updating LinkedIn...
09:44:18 | LinkedIn update OK
09:44:18 | Progress = 1 / 3 (33%)
09:44:18 | Overall status = OK
09:44:18 | Rainmeter refreshed
09:44:18 | ======================================
09:44:18 | AUTO REFRESH COMPLETED
09:44:18 | ======================================
09:51:48 | ======================================
09:51:48 | Developer Streak Auto Refresh START
09:51:48 | ======================================
09:51:48 | Updating GitHub...
09:51:49 | GitHub update OK
09:51:49 | Updating LeetCode...
09:51:50 | LeetCode update OK
09:51:50 | Updating LinkedIn...
09:52:08 | LinkedIn update OK
09:52:08 | Progress = 1 / 3 (33%)
09:52:08 | Overall status = OK
09:52:08 | Rainmeter refreshed
09:52:09 | ======================================
09:52:09 | AUTO REFRESH COMPLETED
09:52:09 | ======================================
10:14:00 | ======================================
10:14:00 | Developer Streak Auto Refresh START
10:14:00 | ======================================
10:14:00 | Updating GitHub...
10:14:02 | GitHub update OK
10:14:02 | Updating LeetCode...
10:14:03 | LeetCode update OK
10:14:03 | Updating LinkedIn...
10:14:17 | LinkedIn update OK
10:14:17 | Progress = 1 / 3 (33%)
10:14:17 | Overall status = OK
10:14:17 | Rainmeter refreshed
10:14:17 | ======================================
10:14:17 | AUTO REFRESH COMPLETED
10:14:17 | ======================================
10:25:55 | ======================================
10:25:55 | Developer Streak Auto Refresh START
10:25:55 | ======================================
10:25:55 | Updating GitHub...
10:25:57 | GitHub update OK
10:25:57 | Updating LeetCode...
10:25:59 | LeetCode update OK
10:25:59 | Updating LinkedIn...
10:26:14 | LinkedIn update OK
10:26:14 | Progress = 1 / 3 (33%)
10:26:14 | Overall status = OK
10:26:14 | Rainmeter refreshed
10:26:14 | ======================================
10:26:14 | AUTO REFRESH COMPLETED
10:26:14 | ======================================
10:51:48 | ======================================
10:51:48 | Developer Streak Auto Refresh START
10:51:48 | ======================================
10:51:48 | Updating GitHub...
10:51:50 | GitHub update OK
10:51:50 | Updating LeetCode...
10:51:51 | LeetCode update OK
10:51:51 | Updating LinkedIn...
10:52:09 | LinkedIn update OK
10:52:09 | Progress = 1 / 3 (33%)
10:52:09 | Overall status = OK
10:52:10 | Rainmeter refreshed
10:52:10 | ======================================
10:52:10 | AUTO REFRESH COMPLETED
10:52:10 | ======================================
11:14:02 | ======================================
11:14:02 | Developer Streak Auto Refresh START
11:14:02 | ======================================
11:14:02 | Updating GitHub...
11:14:03 | GitHub update OK
11:14:03 | Updating LeetCode...
11:14:04 | LeetCode update OK
11:14:04 | Updating LinkedIn...
11:14:21 | LinkedIn update OK
11:14:21 | Progress = 1 / 3 (33%)
11:14:21 | Overall status = OK
11:14:21 | Rainmeter refreshed
11:14:21 | ======================================
11:14:21 | AUTO REFRESH COMPLETED
11:14:21 | ======================================
17:14:01 | ======================================
17:14:01 | Developer Streak Auto Refresh START
17:14:01 | ======================================
17:14:01 | Updating GitHub...
17:14:05 | GitHub update OK
17:14:05 | Updating LeetCode...
17:14:07 | LeetCode update OK
17:14:07 | Updating LinkedIn...
17:14:27 | LinkedIn update OK
17:14:27 | Progress = 1 / 3 (33%)
17:14:27 | Overall status = OK
17:14:28 | Rainmeter refreshed
17:14:28 | ======================================
17:14:28 | AUTO REFRESH COMPLETED
17:14:28 | ======================================
17:21:48 | ======================================
17:21:48 | Developer Streak Auto Refresh START
17:21:48 | ======================================
17:21:48 | Updating GitHub...
17:21:50 | GitHub update OK
17:21:50 | Updating LeetCode...
17:21:52 | LeetCode update OK
17:21:52 | Updating LinkedIn...
17:22:07 | LinkedIn update OK
17:22:07 | Progress = 1 / 3 (33%)
17:22:07 | Overall status = OK
17:22:07 | Rainmeter refreshed
17:22:07 | ======================================
17:22:07 | AUTO REFRESH COMPLETED
17:22:07 | ======================================
17:44:01 | ======================================
17:44:01 | Developer Streak Auto Refresh START
17:44:01 | ======================================
17:44:01 | Updating GitHub...
17:44:06 | GitHub update OK
17:44:06 | Updating LeetCode...
17:44:08 | LeetCode update OK
17:44:08 | Updating LinkedIn...
17:44:23 | LinkedIn update OK
17:44:23 | Progress = 1 / 3 (33%)
17:44:23 | Overall status = OK
17:44:23 | Rainmeter refreshed
17:44:23 | ======================================
17:44:23 | AUTO REFRESH COMPLETED
17:44:23 | ======================================
17:51:49 | ======================================
17:51:49 | Developer Streak Auto Refresh START
17:51:49 | ======================================
17:51:49 | Updating GitHub...
17:52:27 | GitHub update OK
17:52:27 | Updating LeetCode...
17:52:28 | LeetCode update OK
17:52:28 | Updating LinkedIn...
17:53:50 | LinkedIn update OK
17:53:50 | Progress = 1 / 3 (33%)
17:53:50 | Overall status = OK
17:53:50 | Rainmeter refreshed
17:53:50 | ======================================
17:53:50 | AUTO REFRESH COMPLETED
17:53:50 | ======================================
18:14:01 | ======================================
18:14:01 | Developer Streak Auto Refresh START
18:14:01 | ======================================
18:14:01 | Updating GitHub...
18:14:04 | GitHub update OK
18:14:04 | Updating LeetCode...
18:14:06 | LeetCode update OK
18:14:06 | Updating LinkedIn...
18:14:58 | LinkedIn update OK
18:14:58 | Progress = 1 / 3 (33%)
18:14:58 | Overall status = OK
18:14:59 | Rainmeter refreshed
18:14:59 | ======================================
18:14:59 | AUTO REFRESH COMPLETED
18:14:59 | ======================================
18:21:48 | ======================================
18:21:48 | Developer Streak Auto Refresh START
18:21:48 | ======================================
18:21:48 | Updating GitHub...
18:21:50 | GitHub update OK
18:21:50 | Updating LeetCode...
18:21:51 | LeetCode update OK
18:21:51 | Updating LinkedIn...
18:22:05 | LinkedIn update OK
18:22:05 | Progress = 1 / 3 (33%)
18:22:05 | Overall status = OK
18:22:05 | Rainmeter refreshed
18:22:05 | ======================================
18:22:05 | AUTO REFRESH COMPLETED
18:22:05 | ======================================
18:44:01 | ======================================
18:44:01 | Developer Streak Auto Refresh START
18:44:01 | ======================================
18:44:01 | Updating GitHub...
18:44:03 | GitHub update OK
18:44:03 | Updating LeetCode...
18:44:05 | LeetCode update OK
18:44:05 | Updating LinkedIn...
18:44:21 | LinkedIn update OK
18:44:21 | Progress = 1 / 3 (33%)
18:44:21 | Overall status = OK
18:44:21 | Rainmeter refreshed
18:44:21 | ======================================
18:44:21 | AUTO REFRESH COMPLETED
18:44:21 | ======================================
18:51:49 | ======================================
18:51:49 | Developer Streak Auto Refresh START
18:51:49 | ======================================
18:51:49 | Updating GitHub...
18:51:50 | GitHub update OK
18:51:50 | Updating LeetCode...
18:51:56 | LeetCode update OK
18:51:56 | Updating LinkedIn...
18:52:14 | LinkedIn update OK
18:52:14 | Progress = 1 / 3 (33%)
18:52:14 | Overall status = OK
18:52:15 | Rainmeter refreshed
18:52:15 | ======================================
18:52:15 | AUTO REFRESH COMPLETED
18:52:15 | ======================================
19:16:17 | ======================================
19:16:17 | Developer Streak Auto Refresh START
19:16:17 | ======================================
19:16:18 | Updating GitHub...
19:16:24 | GitHub update OK
19:16:24 | Updating LeetCode...
19:16:25 | LeetCode update OK
19:16:25 | Updating LinkedIn...
19:16:39 | LinkedIn update OK
19:16:39 | Progress = 1 / 3 (33%)
19:16:39 | Overall status = OK
19:16:39 | Rainmeter refreshed
19:16:39 | ======================================
19:16:39 | AUTO REFRESH COMPLETED
19:16:39 | ======================================
19:21:48 | ======================================
19:21:48 | Developer Streak Auto Refresh START
19:21:48 | ======================================
19:21:48 | Updating GitHub...
19:21:50 | GitHub update OK
19:21:50 | Updating LeetCode...
19:21:51 | LeetCode update OK
19:21:51 | Updating LinkedIn...
19:22:05 | LinkedIn update OK
19:22:05 | Progress = 1 / 3 (33%)
19:22:05 | Overall status = OK
19:22:06 | Rainmeter refreshed
19:22:06 | ======================================
19:22:06 | AUTO REFRESH COMPLETED
19:22:06 | ======================================
20:57:10 | ======================================
20:57:10 | Developer Streak Auto Refresh START
20:57:10 | ======================================
20:57:10 | Updating GitHub...
20:57:17 | GitHub update OK
20:57:17 | Updating LeetCode...
20:57:18 | LeetCode update OK
20:57:18 | Updating LinkedIn...
20:57:35 | LinkedIn update OK
20:57:35 | Progress = 1 / 3 (33%)
20:57:35 | Overall status = OK
20:57:35 | Rainmeter refreshed
20:57:35 | ======================================
20:57:35 | AUTO REFRESH COMPLETED
20:57:35 | ======================================
21:14:01 | ======================================
21:14:01 | Developer Streak Auto Refresh START
21:14:01 | ======================================
21:14:01 | Updating GitHub...
21:14:19 | GitHub update OK
21:14:19 | Updating LeetCode...
21:14:30 | LeetCode update OK
21:14:30 | Updating LinkedIn...
21:14:52 | LinkedIn update OK
21:14:52 | Progress = 1 / 3 (33%)
21:14:52 | Overall status = OK
21:14:53 | Rainmeter refreshed
21:14:53 | ======================================
21:14:53 | AUTO REFRESH COMPLETED
21:14:53 | ======================================
21:21:50 | ======================================
21:21:50 | Developer Streak Auto Refresh START
21:21:50 | ======================================
21:21:50 | Updating GitHub...
21:21:53 | GitHub update OK
21:21:53 | Updating LeetCode...
21:21:56 | LeetCode update OK
21:21:56 | Updating LinkedIn...
21:22:14 | LinkedIn update OK
21:22:14 | Progress = 1 / 3 (33%)
21:22:14 | Overall status = OK
21:22:15 | Rainmeter refreshed
21:22:15 | ======================================
21:22:15 | AUTO REFRESH COMPLETED
21:22:15 | ======================================
