00:14:01 | ======================================
00:14:01 | Developer Streak Auto Refresh START
00:14:01 | ======================================
00:14:01 | Updating GitHub...
00:14:47 | GitHub update OK
00:14:47 | Updating LeetCode...
00:16:28 | LeetCode update failed - old data preserved
00:16:28 | Updating LinkedIn...
00:16:46 | LinkedIn update OK
00:16:47 | Progress = 1 / 3 (33%)
00:16:47 | Overall status = Partial Update
00:16:47 | Rainmeter refreshed
00:16:47 | ======================================
00:16:47 | AUTO REFRESH COMPLETED
00:16:47 | ======================================
00:21:49 | ======================================
00:21:49 | Developer Streak Auto Refresh START
00:21:49 | ======================================
00:21:49 | Updating GitHub...
00:22:34 | GitHub update OK
00:22:34 | Updating LeetCode...
00:24:15 | LeetCode update failed - old data preserved
00:24:15 | Updating LinkedIn...
00:24:30 | LinkedIn update OK
00:24:30 | Progress = 1 / 3 (33%)
00:24:30 | Overall status = Partial Update
00:24:30 | Rainmeter refreshed
00:24:30 | ======================================
00:24:30 | AUTO REFRESH COMPLETED
00:24:30 | ======================================
00:44:02 | ======================================
00:44:02 | Developer Streak Auto Refresh START
00:44:02 | ======================================
00:44:02 | Updating GitHub...
00:44:47 | GitHub update OK
00:44:47 | Updating LeetCode...
00:46:28 | LeetCode update failed - old data preserved
00:46:28 | Updating LinkedIn...
00:46:42 | LinkedIn update OK
00:46:42 | Progress = 1 / 3 (33%)
00:46:42 | Overall status = Partial Update
00:46:43 | Rainmeter refreshed
00:46:43 | ======================================
00:46:43 | AUTO REFRESH COMPLETED
00:46:43 | ======================================
00:51:49 | ======================================
00:51:49 | Developer Streak Auto Refresh START
00:51:49 | ======================================
00:51:49 | Updating GitHub...
00:52:34 | GitHub update OK
00:52:34 | Updating LeetCode...
00:54:15 | LeetCode update failed - old data preserved
00:54:15 | Updating LinkedIn...
00:54:29 | LinkedIn update OK
00:54:29 | Progress = 1 / 3 (33%)
00:54:29 | Overall status = Partial Update
00:54:29 | Rainmeter refreshed
00:54:29 | ======================================
00:54:29 | AUTO REFRESH COMPLETED
00:54:29 | ======================================
01:14:02 | ======================================
01:14:02 | Developer Streak Auto Refresh START
01:14:02 | ======================================
01:14:02 | Updating GitHub...
01:14:48 | GitHub update OK
01:14:48 | Updating LeetCode...
01:16:29 | LeetCode update failed - old data preserved
01:16:29 | Updating LinkedIn...
01:16:44 | LinkedIn update OK
01:16:44 | Progress = 1 / 3 (33%)
01:16:44 | Overall status = Partial Update
01:16:44 | Rainmeter refreshed
01:16:44 | ======================================
01:16:44 | AUTO REFRESH COMPLETED
01:16:44 | ======================================
01:21:49 | ======================================
01:21:49 | Developer Streak Auto Refresh START
01:21:49 | ======================================
01:21:49 | Updating GitHub...
01:22:34 | GitHub update OK
01:22:34 | Updating LeetCode...
01:24:15 | LeetCode update failed - old data preserved
01:24:15 | Updating LinkedIn...
01:24:31 | LinkedIn update OK
01:24:31 | Progress = 1 / 3 (33%)
01:24:31 | Overall status = Partial Update
01:24:31 | Rainmeter refreshed
01:24:31 | ======================================
01:24:31 | AUTO REFRESH COMPLETED
01:24:31 | ======================================
